// Jest Snapshot v1, https://goo.gl/fbAQLP

exports[`<Tag/> should render slashed bold tag 1`] = `
.c0 {
  padding: 0.4rem 0.8rem;
  background: #1C5D9F;
  color: #F8F7FB;
  width: -webkit-fit-content;
  width: -moz-fit-content;
  width: fit-content;
  height: -webkit-fit-content;
  height: -moz-fit-content;
  height: fit-content;
  border-radius: 0.4rem;
  font-size: 1.4rem;
  font-weight: 400;
  text-transform: uppercase;
  -webkit-text-decoration: line-through;
  text-decoration: line-through;
  font-weight: 700;
}

.c0:hover {
  background: #1C5D9F;
}

<div>
  <div
    class="c0"
  >
    coffee
  </div>
</div>
`;
